Flutter crash report.
Please report a bug at https://github.com/flutter/flutter/issues.

## command

flutter debug_adapter

## exception

RPCError: readyToResume: (-32603) Unexpected DWDS error for resume: WipError -32000 Execution context was destroyed.

```
#0      new _OutstandingRequest (package:vm_service/src/vm_service.dart:268:34)
#1      VmService._call.<anonymous closure> (package:vm_service/src/vm_service.dart:1950:25)
#2      VmService._call (package:vm_service/src/vm_service.dart:1962:8)
#3      VmService.callServiceExtension (package:vm_service/src/vm_service.dart:1901:14)
#4      VmService.callMethod (package:vm_service/src/vm_service.dart:1884:12)
#5      DdsExtension._callHelper (package:dds_service_extensions/dds_service_extensions.dart:365:12)
#6      DdsExtension.readyToResume (package:dds_service_extensions/dds_service_extensions.dart:323:12)
<asynchronous suspension>
#7      IsolateManager._readyToResume (package:dds/src/dap/isolate_manager.dart:425:7)
<asynchronous suspension>
#8      IsolateManager.readyToResumeThread (package:dds/src/dap/isolate_manager.dart:306:5)
<asynchronous suspension>
#9      IsolateManager._handlePause (package:dds/src/dap/isolate_manager.dart:695:7)
<asynchronous suspension>
#10     IsolateManager.handleEvent (package:dds/src/dap/isolate_manager.dart:207:7)
<asynchronous suspension>
#11     DartDebugAdapter.handleDebugEvent (package:dds/src/dap/adapters/dart.dart:2470:5)
<asynchronous suspension>
#12     DartDebugAdapter._withErrorHandling (package:dds/src/dap/adapters/dart.dart:2832:14)
<asynchronous suspension>
```

## flutter doctor

```
[✓] Flutter (Channel stable, 3.35.7, on Microsoft Windows [Version 10.0.26200.6725], locale en-PH) [744ms]
    • Flutter version 3.35.7 on channel stable at D:\Flutter-sdk\flutter
    • Upstream repository https://github.com/flutter/flutter.git
    • Framework revision adc9010625 (3 weeks ago), 2025-10-21 14:16:03 -0400
    • Engine revision 035316565a
    • Dart version 3.9.2
    • DevTools version 2.48.0
    • Feature flags: enable-web, enable-linux-desktop, enable-macos-desktop, enable-windows-desktop, enable-android, enable-ios, cli-animations, enable-lldb-debugging

[✓] Windows Version (Windows 11 or higher, 25H2, 2009) [2.3s]

[✓] Android toolchain - develop for Android devices (Android SDK version 36.1.0) [11.2s]
    • Android SDK at C:\Users\kuuno\AppData\Local\Android\sdk
    • Emulator version 36.2.12.0 (build_id 14214601) (CL:N/A)
    • Platform android-36, build-tools 36.1.0
    • Java binary at: D:\New folder\jbr\bin\java
      This is the JDK bundled with the latest Android Studio installation on this machine.
      To manually set the JDK path, use: `flutter config --jdk-dir="path/to/jdk"`.
    • Java version OpenJDK Runtime Environment (build 21.0.8+-14018985-b1038.68)
    • All Android licenses accepted.

[✗] Chrome - develop for the web (Cannot find Chrome executable at .\Google\Chrome\Application\chrome.exe) [18ms]
    ! Cannot find Chrome. Try setting CHROME_EXECUTABLE to a Chrome executable.

[✗] Visual Studio - develop Windows apps [17ms]
    ✗ Visual Studio not installed; this is necessary to develop Windows apps.
      Download at https://visualstudio.microsoft.com/downloads/.
      Please install the "Desktop development with C++" workload, including all of its default components

[✓] Android Studio (version 2025.1.4) [14ms]
    • Android Studio at D:\New folder
    • Flutter plugin can be installed from:
      🔨 https://plugins.jetbrains.com/plugin/9212-flutter
    • Dart plugin can be installed from:
      🔨 https://plugins.jetbrains.com/plugin/6351-dart
    • Java version OpenJDK Runtime Environment (build 21.0.8+-14018985-b1038.68)

[✓] Connected device (3 available) [725ms]
    • CPH2083 (mobile)  • GEIRRWYP757DVC9P • android-arm64  • Android 9 (API 28)
    • Windows (desktop) • windows          • windows-x64    • Microsoft Windows [Version 10.0.26200.6725]
    • Edge (web)        • edge             • web-javascript • Microsoft Edge 142.0.3595.53

[✓] Network resources [612ms]
    • All expected network resources are available.

! Doctor found issues in 2 categories.
```
